2025-01-28 03:08:55.537 [info] Added views:outline in workbench.view.explorer
2025-01-28 03:08:55.537 [info] Added views:workbench.view.search in workbench.view.search
2025-01-28 03:08:55.537 [info] Added views:workbench.scm in workbench.view.scm
2025-01-28 03:08:55.537 [info] Added views:workbench.panel.markers.view in workbench.panel.markers
2025-01-28 03:08:55.537 [info] Added views:workbench.panel.output in workbench.panel.output
2025-01-28 03:08:55.537 [info] Added views:terminal in terminal
2025-01-28 03:08:55.537 [info] Added views:timeline in workbench.view.explorer
2025-01-28 03:08:55.537 [info] Added views:workbench.explorer.emptyView in workbench.view.explorer
2025-01-28 03:08:55.742 [info] Added views:workbench.debug.variablesView,workbench.debug.watchExpressionsView,workbench.debug.callStackView,workbench.debug.breakPointsView in workbench.view.debug
2025-01-28 03:08:55.999 [info] Added views:~remote.forwardedPorts in ~remote.forwardedPortsContainer
2025-01-28 03:08:56.260 [info] Added views:workbench.panel.repl.view in workbench.panel.repl
2025-01-28 03:08:56.261 [info] Removed views:workbench.debug.breakPointsView,workbench.debug.callStackView,workbench.debug.watchExpressionsView,workbench.debug.variablesView from workbench.view.debug
2025-01-28 03:08:56.262 [info] Added views:workbench.debug.welcome in workbench.view.debug
2025-01-28 03:34:45.788 [info] Removed views:extensions.recommendedList from workbench.view.extensions
2025-01-28 03:34:45.835 [info] Removed views:workbench.panel.repl.view from workbench.panel.repl
2025-01-28 03:34:53.459 [info] Added views:workbench.views.extensions.installed,workbench.views.extensions.popular in workbench.view.extensions
2025-01-28 03:34:53.459 [info] Removed views:workbench.views.extensions.popular from workbench.view.extensions
2025-01-28 03:35:48.840 [info] Added views:mongoDBConnectionExplorer,mongoDBPlaygroundsExplorer,mongoDBHelpExplorer in workbench.view.extension.mongoDB
2025-01-28 03:35:48.841 [info] Added views:dockerContainers,dockerImages,dockerRegistries,dockerNetworks,dockerVolumes,vscode-docker.views.dockerContexts,vscode-docker.views.help in workbench.view.extension.dockerView
2025-01-28 03:35:48.949 [info] Added views:workbench.panel.repl.view in workbench.panel.repl
