2025-01-28 03:40:24.809 [info] Reading sessions from keychain...
2025-01-28 03:40:24.809 [info] Getting sessions for all scopes...
2025-01-28 03:40:24.809 [info] Getting sessions for all scopes...
2025-01-28 03:40:24.809 [info] Getting sessions for all scopes...
2025-01-28 03:40:24.809 [info] Getting sessions for user:email...
2025-01-28 03:40:24.809 [info] Getting sessions for all scopes...
2025-01-28 03:40:24.809 [info] Getting sessions for all scopes...
2025-01-28 03:40:24.809 [info] Getting sessions for all scopes...
2025-01-28 03:40:24.809 [info] Getting sessions for all scopes...
2025-01-28 03:40:24.809 [info] Getting sessions for all scopes...
2025-01-28 03:40:24.881 [info] Got stored sessions!
2025-01-28 03:40:24.881 [info] Got 1 verified sessions.
2025-01-28 03:40:24.881 [info] Got 1 sessions for ...
2025-01-28 03:40:24.881 [info] Got 1 sessions for ...
2025-01-28 03:40:24.881 [info] Got 1 sessions for ...
2025-01-28 03:40:24.881 [info] Got 1 sessions for user:email...
2025-01-28 03:40:24.881 [info] Got 1 sessions for ...
2025-01-28 03:40:24.881 [info] Got 1 sessions for ...
2025-01-28 03:40:24.881 [info] Got 1 sessions for ...
2025-01-28 03:40:24.881 [info] Got 1 sessions for ...
2025-01-28 03:40:24.881 [info] Got 1 sessions for ...
2025-01-28 03:40:26.625 [info] Getting sessions for all scopes...
2025-01-28 03:40:26.625 [info] Got 1 sessions for ...
