2025-01-28 03:08:56.334 [info] Reading sessions from keychain...
2025-01-28 03:08:56.334 [info] Getting sessions for all scopes...
2025-01-28 03:08:56.334 [info] Getting sessions for all scopes...
2025-01-28 03:08:56.343 [info] Getting sessions for all scopes...
2025-01-28 03:08:56.343 [info] Getting sessions for all scopes...
2025-01-28 03:08:56.343 [info] Getting sessions for all scopes...
2025-01-28 03:08:56.343 [info] Getting sessions for all scopes...
2025-01-28 03:08:56.343 [info] Getting sessions for all scopes...
2025-01-28 03:08:56.345 [info] Got 0 sessions for ...
2025-01-28 03:08:56.345 [info] Got 0 sessions for ...
2025-01-28 03:08:56.345 [info] Got 0 sessions for ...
2025-01-28 03:08:56.345 [info] Got 0 sessions for ...
2025-01-28 03:08:56.345 [info] Got 0 sessions for ...
2025-01-28 03:08:56.345 [info] Got 0 sessions for ...
2025-01-28 03:08:56.345 [info] Got 0 sessions for ...
2025-01-28 03:08:58.070 [info] Getting sessions for all scopes...
2025-01-28 03:08:58.070 [info] Got 0 sessions for ...
2025-01-28 03:32:41.506 [info] Getting sessions for user:email...
2025-01-28 03:32:41.506 [info] Got 0 sessions for user:email...
2025-01-28 03:32:43.648 [info] Logging in with 'any' account...
2025-01-28 03:32:43.648 [info] Logging in for the following scopes: user:email
2025-01-28 03:32:43.661 [info] Trying without local server... (user:email)
2025-01-28 03:33:54.690 [error] User Cancelled
2025-01-28 03:34:02.327 [info] Trying with local server... (user:email)
2025-01-28 03:34:12.948 [error] User Cancelled
2025-01-28 03:34:18.129 [info] Getting sessions for user:email...
2025-01-28 03:34:18.129 [info] Got 0 sessions for user:email...
2025-01-28 03:34:19.319 [info] Logging in with 'any' account...
2025-01-28 03:34:19.319 [info] Logging in for the following scopes: user:email
2025-01-28 03:34:19.320 [info] Trying without local server... (user:email)
2025-01-28 03:34:30.609 [error] User Cancelled
2025-01-28 03:34:31.419 [info] Trying with local server... (user:email)
2025-01-28 03:34:33.896 [info] Exchanging code for token...
2025-01-28 03:34:34.296 [info] Token exchange success!
2025-01-28 03:34:34.297 [info] Getting user info...
2025-01-28 03:34:34.710 [info] Got account info!
2025-01-28 03:34:34.711 [info] Storing 1 sessions...
2025-01-28 03:34:38.759 [info] Reading sessions from keychain...
2025-01-28 03:34:38.759 [info] Stored 1 sessions!
2025-01-28 03:34:38.759 [info] Login success!
2025-01-28 03:34:38.759 [info] Getting sessions for all scopes...
2025-01-28 03:34:38.759 [info] Got stored sessions!
2025-01-28 03:34:38.760 [info] Got 1 verified sessions.
2025-01-28 03:34:38.760 [info] Got 1 sessions for ...
2025-01-28 03:34:38.760 [info] Getting sessions for user:email...
2025-01-28 03:34:38.760 [info] Got 1 sessions for user:email...
